LTspice 24.1.7 for Windows
Circuit: C:\Users\huynh\Documents\Zalo Received Files\Electric\LAB_FINAL\LAB3.net
Start Time: Fri May 30 23:21:51 2025
solver = Normal
Maximum thread count: 8
tnom = 27
temp = 27
method = trap
Instance "M1": Length shorter than recommended for a level 1 MOSFET.
Instance "M1": Width narrower than recommended for a level 1 MOSFET.
Instance "M2": Length shorter than recommended for a level 1 MOSFET.
Instance "M2": Width narrower than recommended for a level 1 MOSFET.
Instance "M3": Length shorter than recommended for a level 1 MOSFET.
Instance "M3": Width narrower than recommended for a level 1 MOSFET.
Instance "M4": Length shorter than recommended for a level 1 MOSFET.
Instance "M4": Width narrower than recommended for a level 1 MOSFET.
Instance "M5": Length shorter than recommended for a level 1 MOSFET.
Instance "M5": Width narrower than recommended for a level 1 MOSFET.
Instance "M6": Length shorter than recommended for a level 1 MOSFET.
Instance "M6": Width narrower than recommended for a level 1 MOSFET.
Instance "M7": Length shorter than recommended for a level 1 MOSFET.
Instance "M7": Width narrower than recommended for a level 1 MOSFET.
Instance "M8": Length shorter than recommended for a level 1 MOSFET.
Instance "M8": Width narrower than recommended for a level 1 MOSFET.
Direct Newton iteration for .op point succeeded.
Total elapsed time: 0.766 seconds.

Files loaded:
C:\Users\huynh\Documents\Zalo Received Files\Electric\LAB_FINAL\LAB3.net
C:\Users\huynh\AppData\Local\LTspice\lib\cmp\standard.mos

