LTspice 24.1.6 for Windows
Circuit: D:\Downloads\Dowloads electric VLSI\Electric\Library\PMOS\PMOS_sch_sim.spi
Start Time: Thu May 29 22:04:54 2025
solver = Normal
Maximum thread count: 4
tnom = 27
temp = 27
method = trap
Model "mosp": Oxide thickness thinner than recommended for a level 1 MOSFET.
Instance "Mpmos-M@0": Length shorter than recommended for a level 1 MOSFET.
Instance "Mpmos-M@0": Width narrower than recommended for a level 1 MOSFET.
.step Vg=0 
.step Vg=-1 
.step Vg=-2 
.step Vg=-3 
.step Vg=-4 
.step Vg=-5 
Total elapsed time: 0.348 seconds.

Files loaded:
D:\Downloads\Dowloads electric VLSI\Electric\Library\PMOS\PMOS_sch_sim.spi
D:\Downloads\Dowloads electric VLSI\Electric\Library\PMOS\c5_models.txt

