LTspice 24.1.6 for Windows
Circuit: E:\ThietkeIC\PNMOS\PNMOS\PMOS\PMOS_lay_sim.spi
Start Time: Fri May 30 16:17:23 2025
Options: NOMOD DEFL=3u DEFW=3u DEFAD=70p DEFAS=70p LIMPTS=1000 ITL5=0 RELTOL=0.01 ABSTOL=5e-10 VNTOL=5e-4
solver = Normal
Maximum thread count: 8
tnom = 27
temp = 27
method = trap
abstol = 5e-10
reltol = 0.01
volttol = 0.0005
Instance "Mpmos0": Length shorter than recommended for a level 1 MOSFET.
Instance "Mpmos0": Width narrower than recommended for a level 1 MOSFET.
.step Vg=0 
.step Vg=-1 
.step Vg=-2 
.step Vg=-3 
.step Vg=-4 
.step Vg=-5 
Total elapsed time: 3.261 seconds.

Files loaded:
E:\ThietkeIC\PNMOS\PNMOS\PMOS\PMOS_lay_sim.spi
E:\ThietkeIC\PNMOS\PNMOS\PMOS\C5_models.txt

